$ cmd /c Z:\FPGA\2026.1\Vitis\bin\v++.bat -c --mode hls --config Z:\Code\Dev\Ouroboros\build\pipeline\kv260_som\calibration-rv32i\hls_config.cfg --work_dir Z:\Code\Dev\Ouroboros\build\pipeline\kv260_som\calibration-rv32i\work

****** v++ v2026.1 (64-bit)
  **** SW Build 6511674 on 2026-06-16-13:14:00
  **** Start of session at: Thu Oct  1 17:19:55 2026
    ** Copyright 1986-2022 Xilinx, Inc. All Rights Reserved.
    ** Copyright 2022-2026 Advanced Micro Devices, Inc. All Rights Reserved.

  **** HLS Build v2026.1 6493734

INFO: [HLS 200-2005] Using work_dir Z:/Code/Dev/Ouroboros/build/pipeline/kv260_som/calibration-rv32i/work 

INFO: [HLS 200-2176] Writing Vitis IDE component file Z:/Code/Dev/Ouroboros/build/pipeline/kv260_som/calibration-rv32i/work/vitis-comp.json

INFO: [HLS 200-10] Creating and opening component 'Z:/Code/Dev/Ouroboros/build/pipeline/kv260_som/calibration-rv32i/work'.

INFO: [HLS 200-2174] Applying component config ini file hls_config.cfg

INFO: [HLS 200-1465] Applying config ini 'syn.file=Z:\Code\Dev\Ouroboros\Tools\Verification\calibration\rv32i\core.cpp' from hls_config.cfg(8)

INFO: [HLS 200-10] Adding design file 'Z:/Code/Dev/Ouroboros/Tools/Verification/calibration/rv32i/core.cpp' to the project

INFO: [HLS 200-1465] Applying config ini 'tb.file=Z:\Code\Dev\Ouroboros\Tools\Verification\calibration\rv32i\core_tb.cpp' from hls_config.cfg(10)

INFO: [HLS 200-10] Adding test bench file 'Z:/Code/Dev/Ouroboros/Tools/Verification/calibration/rv32i/core_tb.cpp' to the project

INFO: [HLS 200-1465] Applying config ini 'syn.top=core_top' from hls_config.cfg(9)

INFO: [HLS 200-1465] Applying config ini 'part=xck26-sfvc784-2LV-c' from hls_config.cfg(1)

INFO: [HLS 200-1611] Setting target device to 'xck26-sfvc784-2LV-c'

INFO: [HLS 200-1465] Applying config ini 'clock=10.000ns' from hls_config.cfg(11)

INFO: [SYN 201-201] Setting up clock 'default' with a period of 10ns.

INFO: [HLS 200-1465] Applying config ini 'package.output.format=ip_catalog' from hls_config.cfg(7)

INFO: [HLS 200-2176] Writing Vitis IDE component file Z:/Code/Dev/Ouroboros/build/pipeline/kv260_som/calibration-rv32i/work/vitis-comp.json

INFO: [HLS 200-111] Finished File checks and directory preparation: CPU user time: 1 seconds. CPU system time: 1 seconds. Elapsed time: 2.387 seconds; current allocated memory: 185.176 MB.

INFO: [HLS 200-2191] C-Synthesis will use clang-16 as the compiler

INFO: [HLS 200-10] Analyzing design file 'Z:/Code/Dev/Ouroboros/Tools/Verification/calibration/rv32i/core.cpp' ... 

ERROR: [HLS 207-3134] non-integral type 'ap_uint<4>' is an invalid underlying type (Z:/Code/Dev/Ouroboros/Tools/Verification/calibration/rv32i/core.cpp:13:11)

ERROR: syntax check failed.

INFO: [HLS 200-112] Total CPU user time: 1 seconds. Total CPU system time: 1 seconds. Total elapsed time: 3.303 seconds; peak allocated memory: 186.984 MB.

