$ cmd /c Z:\FPGA\2026.1\Vitis\bin\vitis-run.bat --mode hls --csim --config Z:\Code\Dev\Ouroboros\build\pipeline\kv260_som\calibration-rv32i\hls_config.cfg --work_dir Z:\Code\Dev\Ouroboros\build\pipeline\kv260_som\calibration-rv32i\work

****** vitis-run v2026.1 (64-bit)
  **** SW Build 6511674 on 2026-06-16-13:14:00
  **** Start of session at: Thu Oct  1 17:23:06 2026
    ** Copyright 1986-2022 Xilinx, Inc. All Rights Reserved.
    ** Copyright 2022-2026 Advanced Micro Devices, Inc. All Rights Reserved.

  **** HLS Build v2026.1 6493734

INFO: [HLS 200-2005] Using work_dir Z:/Code/Dev/Ouroboros/build/pipeline/kv260_som/calibration-rv32i/work 

INFO: [HLS 200-2176] Writing Vitis IDE component file Z:/Code/Dev/Ouroboros/build/pipeline/kv260_som/calibration-rv32i/work/vitis-comp.json

INFO: [HLS 200-10] Creating and opening component 'Z:/Code/Dev/Ouroboros/build/pipeline/kv260_som/calibration-rv32i/work'.

INFO: [HLS 200-2174] Applying component config ini file hls_config.cfg

INFO: [HLS 200-1465] Applying config ini 'syn.file=Z:\Code\Dev\Ouroboros\Tools\Verification\calibration\rv32i\core.cpp' from hls_config.cfg(8)

INFO: [HLS 200-10] Adding design file 'Z:/Code/Dev/Ouroboros/Tools/Verification/calibration/rv32i/core.cpp' to the project

INFO: [HLS 200-1465] Applying config ini 'tb.file=Z:\Code\Dev\Ouroboros\Tools\Verification\calibration\rv32i\core_tb.cpp' from hls_config.cfg(10)

INFO: [HLS 200-10] Adding test bench file 'Z:/Code/Dev/Ouroboros/Tools/Verification/calibration/rv32i/core_tb.cpp' to the project

INFO: [HLS 200-1465] Applying config ini 'syn.top=core_top' from hls_config.cfg(9)

INFO: [HLS 200-1465] Applying config ini 'part=xck26-sfvc784-2LV-c' from hls_config.cfg(1)

INFO: [HLS 200-1611] Setting target device to 'xck26-sfvc784-2LV-c'

INFO: [HLS 200-1465] Applying config ini 'clock=10.000ns' from hls_config.cfg(11)

INFO: [SYN 201-201] Setting up clock 'default' with a period of 10ns.

INFO: [HLS 200-1465] Applying config ini 'package.output.format=ip_catalog' from hls_config.cfg(7)

INFO: [HLS 200-2176] Writing Vitis IDE component file Z:/Code/Dev/Ouroboros/build/pipeline/kv260_som/calibration-rv32i/work/vitis-comp.json

INFO: [SIM 211-2] *************** CSIM start ***************

INFO: [HLS 200-2191] C-Simulation will use clang-16 as the compiler

INFO: [HLS 200-2036] Building debug C Simulation binaries

mingw32-make: 'csim.exe' is up to date.

calibration rv32i: PASS -- 466 cycles, 339 instructions, CPI 1.375

INFO: [SIM 211-1] CSim done with 0 errors.

INFO: [SIM 211-3] *************** CSIM finish ***************

INFO: [HLS 200-112] Total CPU user time: 1 seconds. Total CPU system time: 0 seconds. Total elapsed time: 1.751 seconds; peak allocated memory: 184.199 MB.

INFO: [vitis-run 60-791] Total elapsed time: 0h 0m 5s
