$ cmd /c Z:\FPGA\2026.1\Vitis\bin\v++.bat -c --mode hls --config Z:\Code\Dev\Ouroboros\build\pipeline\kv260_som\calibration-rv32i\hls_config.cfg --work_dir Z:\Code\Dev\Ouroboros\build\pipeline\kv260_som\calibration-rv32i\work

****** v++ v2026.1 (64-bit)
  **** SW Build 6511674 on 2026-06-16-13:14:00
  **** Start of session at: Thu Oct  1 17:22:35 2026
    ** Copyright 1986-2022 Xilinx, Inc. All Rights Reserved.
    ** Copyright 2022-2026 Advanced Micro Devices, Inc. All Rights Reserved.

  **** HLS Build v2026.1 6493734

INFO: [HLS 200-2005] Using work_dir Z:/Code/Dev/Ouroboros/build/pipeline/kv260_som/calibration-rv32i/work 

INFO: [HLS 200-2176] Writing Vitis IDE component file Z:/Code/Dev/Ouroboros/build/pipeline/kv260_som/calibration-rv32i/work/vitis-comp.json

INFO: [HLS 200-10] Creating and opening component 'Z:/Code/Dev/Ouroboros/build/pipeline/kv260_som/calibration-rv32i/work'.

INFO: [HLS 200-2174] Applying component config ini file hls_config.cfg

INFO: [HLS 200-1465] Applying config ini 'syn.file=Z:\Code\Dev\Ouroboros\Tools\Verification\calibration\rv32i\core.cpp' from hls_config.cfg(8)

INFO: [HLS 200-10] Adding design file 'Z:/Code/Dev/Ouroboros/Tools/Verification/calibration/rv32i/core.cpp' to the project

INFO: [HLS 200-1465] Applying config ini 'tb.file=Z:\Code\Dev\Ouroboros\Tools\Verification\calibration\rv32i\core_tb.cpp' from hls_config.cfg(10)

INFO: [HLS 200-10] Adding test bench file 'Z:/Code/Dev/Ouroboros/Tools/Verification/calibration/rv32i/core_tb.cpp' to the project

INFO: [HLS 200-1465] Applying config ini 'syn.top=core_top' from hls_config.cfg(9)

INFO: [HLS 200-1465] Applying config ini 'part=xck26-sfvc784-2LV-c' from hls_config.cfg(1)

INFO: [HLS 200-1611] Setting target device to 'xck26-sfvc784-2LV-c'

INFO: [HLS 200-1465] Applying config ini 'clock=10.000ns' from hls_config.cfg(11)

INFO: [SYN 201-201] Setting up clock 'default' with a period of 10ns.

INFO: [HLS 200-1465] Applying config ini 'package.output.format=ip_catalog' from hls_config.cfg(7)

INFO: [HLS 200-2176] Writing Vitis IDE component file Z:/Code/Dev/Ouroboros/build/pipeline/kv260_som/calibration-rv32i/work/vitis-comp.json

INFO: [HLS 200-111] Finished File checks and directory preparation: CPU user time: 1 seconds. CPU system time: 1 seconds. Elapsed time: 2.256 seconds; current allocated memory: 184.742 MB.

INFO: [HLS 200-2191] C-Synthesis will use clang-16 as the compiler

INFO: [HLS 200-10] Analyzing design file 'Z:/Code/Dev/Ouroboros/Tools/Verification/calibration/rv32i/core.cpp' ... 

INFO: [HLS 200-111] Finished Source Code Analysis and Preprocessing: CPU user time: 0 seconds. CPU system time: 0 seconds. Elapsed time: 4.68 seconds; current allocated memory: 187.449 MB.

INFO: [HLS 200-1995] There were 9,082 instructions in the design after the 'Compile/Link' phase of compilation. See the Design Size Report for more details (Z:/Code/Dev/Ouroboros/build/pipeline/kv260_som/calibration-rv32i/work/hls/syn/report/csynth_design_size.rpt:2)

INFO: [HLS 200-1995] There were 782 instructions in the design after the 'Unroll/Inline' phase of compilation. See the Design Size Report for more details (Z:/Code/Dev/Ouroboros/build/pipeline/kv260_som/calibration-rv32i/work/hls/syn/report/csynth_design_size.rpt:2)

INFO: [HLS 200-1995] There were 575 instructions in the design after the 'Unroll/Inline (step 2)' phase of compilation. See the Design Size Report for more details (Z:/Code/Dev/Ouroboros/build/pipeline/kv260_som/calibration-rv32i/work/hls/syn/report/csynth_design_size.rpt:2)

INFO: [HLS 214-178] Inlining function '(anonymous namespace)::sext(ap_uint<32>, int)' into 'core_top(ap_uint<32> const*, ap_uint<8>*, ap_uint<8>*, ap_uint<8>*, ap_uint<8>*, ap_uint<32>, ap_uint<32>&, ap_uint<32>&, bool&)' (Z:/Code/Dev/Ouroboros/Tools/Verification/calibration/rv32i/core.cpp:86:0)

INFO: [HLS 214-178] Inlining function '(anonymous namespace)::alu(ap_uint<3>, bool, ap_uint<32>, ap_uint<32>)' into 'core_top(ap_uint<32> const*, ap_uint<8>*, ap_uint<8>*, ap_uint<8>*, ap_uint<8>*, ap_uint<32>, ap_uint<32>&, ap_uint<32>&, bool&)' (Z:/Code/Dev/Ouroboros/Tools/Verification/calibration/rv32i/core.cpp:86:0)

INFO: [HLS 214-178] Inlining function '(anonymous namespace)::branch_taken(ap_uint<3>, ap_uint<32>, ap_uint<32>)' into 'core_top(ap_uint<32> const*, ap_uint<8>*, ap_uint<8>*, ap_uint<8>*, ap_uint<8>*, ap_uint<32>, ap_uint<32>&, ap_uint<32>&, bool&)' (Z:/Code/Dev/Ouroboros/Tools/Verification/calibration/rv32i/core.cpp:86:0)

INFO: [HLS 200-1995] There were 496 instructions in the design after the 'Unroll/Inline (step 3)' phase of compilation. See the Design Size Report for more details (Z:/Code/Dev/Ouroboros/build/pipeline/kv260_som/calibration-rv32i/work/hls/syn/report/csynth_design_size.rpt:2)

INFO: [HLS 200-1995] There were 427 instructions in the design after the 'Unroll/Inline (step 4)' phase of compilation. See the Design Size Report for more details (Z:/Code/Dev/Ouroboros/build/pipeline/kv260_som/calibration-rv32i/work/hls/syn/report/csynth_design_size.rpt:2)

INFO: [HLS 214-248] Applying array_partition to 'rf': Complete partitioning on dimension 1. (Z:/Code/Dev/Ouroboros/Tools/Verification/calibration/rv32i/core.cpp:87:14)

WARNING: [HLS 214-358] Array transformation on index using bit extension logic may lead to poor performance. Please use int or long for array index computation to benefit from optimizations. (Z:/Code/Dev/Ouroboros/Tools/Verification/calibration/rv32i/core.cpp:179:29)

WARNING: [HLS 214-358] Array transformation on index using bit extension logic may lead to poor performance. Please use int or long for array index computation to benefit from optimizations. (Z:/Code/Dev/Ouroboros/Tools/Verification/calibration/rv32i/core.cpp:179:38)

WARNING: [HLS 214-358] Array transformation on index using bit extension logic may lead to poor performance. Please use int or long for array index computation to benefit from optimizations. (Z:/Code/Dev/Ouroboros/Tools/Verification/calibration/rv32i/core.cpp:107:35)

INFO: [HLS 200-1995] There were 645 instructions in the design after the 'Array/Struct' phase of compilation. See the Design Size Report for more details (Z:/Code/Dev/Ouroboros/build/pipeline/kv260_som/calibration-rv32i/work/hls/syn/report/csynth_design_size.rpt:2)

INFO: [HLS 200-1995] There were 644 instructions in the design after the 'Array/Struct (step 2)' phase of compilation. See the Design Size Report for more details (Z:/Code/Dev/Ouroboros/build/pipeline/kv260_som/calibration-rv32i/work/hls/syn/report/csynth_design_size.rpt:2)

INFO: [HLS 200-1995] There were 644 instructions in the design after the 'Array/Struct (step 3)' phase of compilation. See the Design Size Report for more details (Z:/Code/Dev/Ouroboros/build/pipeline/kv260_som/calibration-rv32i/work/hls/syn/report/csynth_design_size.rpt:2)

INFO: [HLS 200-1995] There were 644 instructions in the design after the 'Array/Struct (step 4)' phase of compilation. See the Design Size Report for more details (Z:/Code/Dev/Ouroboros/build/pipeline/kv260_som/calibration-rv32i/work/hls/syn/report/csynth_design_size.rpt:2)

INFO: [HLS 200-1995] There were 554 instructions in the design after the 'Array/Struct (step 5)' phase of compilation. See the Design Size Report for more details (Z:/Code/Dev/Ouroboros/build/pipeline/kv260_som/calibration-rv32i/work/hls/syn/report/csynth_design_size.rpt:2)

INFO: [HLS 200-1995] There were 554 instructions in the design after the 'Performance' phase of compilation. See the Design Size Report for more details (Z:/Code/Dev/Ouroboros/build/pipeline/kv260_som/calibration-rv32i/work/hls/syn/report/csynth_design_size.rpt:2)

INFO: [HLS 214-376] Pipelining loop< VITIS_LOOP_89_1> at Z:/Code/Dev/Ouroboros/Tools/Verification/calibration/rv32i/core.cpp:89:19 due to pipeline_loops threshold

INFO: [HLS 200-1995] There were 551 instructions in the design after the 'Performance (step 2)' phase of compilation. See the Design Size Report for more details (Z:/Code/Dev/Ouroboros/build/pipeline/kv260_som/calibration-rv32i/work/hls/syn/report/csynth_design_size.rpt:2)

INFO: [HLS 200-1995] There were 551 instructions in the design after the 'Performance (step 3)' phase of compilation. See the Design Size Report for more details (Z:/Code/Dev/Ouroboros/build/pipeline/kv260_som/calibration-rv32i/work/hls/syn/report/csynth_design_size.rpt:2)

INFO: [HLS 200-1995] There were 551 instructions in the design after the 'Performance (step 4)' phase of compilation. See the Design Size Report for more details (Z:/Code/Dev/Ouroboros/build/pipeline/kv260_som/calibration-rv32i/work/hls/syn/report/csynth_design_size.rpt:2)

INFO: [HLS 200-1995] There were 568 instructions in the design after the 'HW Transforms' phase of compilation. See the Design Size Report for more details (Z:/Code/Dev/Ouroboros/build/pipeline/kv260_som/calibration-rv32i/work/hls/syn/report/csynth_design_size.rpt:2)

INFO: [HLS 200-1995] There were 575 instructions in the design after the 'HW Transforms (step 2)' phase of compilation. See the Design Size Report for more details (Z:/Code/Dev/Ouroboros/build/pipeline/kv260_som/calibration-rv32i/work/hls/syn/report/csynth_design_size.rpt:2)

INFO: [HLS 200-111] Finished Compiling Optimization and Transform: CPU user time: 0 seconds. CPU system time: 0 seconds. Elapsed time: 7.444 seconds; current allocated memory: 190.223 MB.

INFO: [HLS 200-111] Finished Checking Pragmas: CPU user time: 0 seconds. CPU system time: 0 seconds. Elapsed time: 0.001 seconds; current allocated memory: 190.223 MB.

INFO: [HLS 200-10] Starting code transformations ...

INFO: [HLS 200-111] Finished Standard Transforms: CPU user time: 0 seconds. CPU system time: 0 seconds. Elapsed time: 0.033 seconds; current allocated memory: 196.805 MB.

INFO: [HLS 200-10] Checking synthesizability ...

INFO: [HLS 200-111] Finished Checking Synthesizability: CPU user time: 0 seconds. CPU system time: 0 seconds. Elapsed time: 0.031 seconds; current allocated memory: 199.086 MB.

INFO: [XFORM 203-401] Performing if-conversion on hyperblock from (Z:/Code/Dev/Ouroboros/Tools/Verification/calibration/rv32i/core.cpp:89:28) to (Z:/Code/Dev/Ouroboros/Tools/Verification/calibration/rv32i/core.cpp:89:19) in function 'core_top'... converting 3 basic blocks.

INFO: [XFORM 203-401] Performing if-conversion on hyperblock from (Z:/Code/Dev/Ouroboros/Tools/Verification/calibration/rv32i/core.cpp:115:22) to (Z:/Code/Dev/Ouroboros/Tools/Verification/calibration/rv32i/core.cpp:130:8) in function 'core_top'... converting 7 basic blocks.

INFO: [XFORM 203-401] Performing if-conversion on hyperblock from (Z:/Code/Dev/Ouroboros/Tools/Verification/calibration/rv32i/core.cpp:147:16) to (Z:/Code/Dev/Ouroboros/Tools/Verification/calibration/rv32i/core.cpp:164:3) in function 'core_top'... converting 26 basic blocks.

INFO: [XFORM 203-401] Performing if-conversion on hyperblock from (Z:/Code/Dev/Ouroboros/Tools/Verification/calibration/rv32i/core.cpp:131:39) to (Z:/Code/Dev/Ouroboros/Tools/Verification/calibration/rv32i/core.cpp:134:9) in function 'core_top'... converting 4 basic blocks.

INFO: [XFORM 203-401] Performing if-conversion on hyperblock from (Z:/Code/Dev/Ouroboros/Tools/Verification/calibration/rv32i/core.cpp:167:8) to (Z:/Code/Dev/Ouroboros/Tools/Verification/calibration/rv32i/core.cpp:99:19) in function 'core_top'... converting 4 basic blocks.

INFO: [XFORM 203-401] Performing if-conversion on hyperblock from (Z:/Code/Dev/Ouroboros/Tools/Verification/calibration/rv32i/core.cpp:179:9) to (Z:/Code/Dev/Ouroboros/Tools/Verification/calibration/rv32i/core.cpp:195:23) in function 'core_top'... converting 3 basic blocks.

INFO: [XFORM 203-11] Balancing expressions in function 'core_top' (Z:/Code/Dev/Ouroboros/Tools/Verification/calibration/rv32i/core.cpp:49:4)...3 expression(s) balanced.

INFO: [HLS 200-111] Finished Loop, function and other optimizations: CPU user time: 0 seconds. CPU system time: 0 seconds. Elapsed time: 1.907 seconds; current allocated memory: 224.324 MB.

WARNING: [ANALYSIS 214-52] Found false inter dependency for variable 'dmem0'.

WARNING: [ANALYSIS 214-52] Found false inter dependency for variable 'dmem1'.

WARNING: [ANALYSIS 214-52] Found false inter dependency for variable 'dmem2'.

WARNING: [ANALYSIS 214-52] Found false inter dependency for variable 'dmem3'.

WARNING: [ANALYSIS 214-52] Found false inter dependency for variable 'dmem0'.

WARNING: [ANALYSIS 214-52] Found false inter dependency for variable 'dmem1'.

WARNING: [ANALYSIS 214-52] Found false inter dependency for variable 'dmem2'.

WARNING: [ANALYSIS 214-52] Found false inter dependency for variable 'dmem3'.

INFO: [HLS 200-111] Finished Architecture Synthesis: CPU user time: 0 seconds. CPU system time: 0 seconds. Elapsed time: 0.125 seconds; current allocated memory: 224.336 MB.

INFO: [HLS 200-2255] Checking Wire Delay Status: Wire Delay Mode is ON

INFO: [HLS 200-10] Starting hardware synthesis ...

INFO: [HLS 200-10] Synthesizing 'core_top' ...

INFO: [HLS 200-10] ----------------------------------------------------------------

INFO: [HLS 200-42] -- Implementing module 'core_top' 

INFO: [HLS 200-10] ----------------------------------------------------------------

INFO: [SCHED 204-11] Starting scheduling ...

INFO: [SCHED 204-61] Pipelining loop 'VITIS_LOOP_99_2'.

INFO: [HLS 200-2253] Unable to schedule 'store' operation ('dmem0_addr_write_ln134', Z:/Code/Dev/Ouroboros/Tools/Verification/calibration/rv32i/core.cpp:134) of variable 'trunc_ln134_1', Z:/Code/Dev/Ouroboros/Tools/Verification/calibration/rv32i/core.cpp:134 8 bit on array 'dmem0' in the first 1 clock cycle(s).

INFO: [HLS 200-1470] Pipelining result : Target II = 1, Final II = 1, Depth = 3, loop 'VITIS_LOOP_99_2'

INFO: [SCHED 204-11] Finished scheduling.

INFO: [HLS 200-111] Finished Scheduling: CPU user time: 0 seconds. CPU system time: 0 seconds. Elapsed time: 0.346 seconds; current allocated memory: 231.508 MB.

INFO: [HLS 200-2250] Rewind delay = 2 for the pipelined loop 'VITIS_LOOP_99_2' to synchronize the reading and writing of port 'dmem0 (no source info)' with ap_ready.

INFO: [BIND 205-100] Starting micro-architecture generation ...
INFO: [BIND 205-101] Performing variable lifetime analysis.
INFO: [BIND 205-101] Exploring resource sharing.
INFO: [BIND 205-101] Binding ...
INFO: [BIND 205-100] Finished micro-architecture generation.
INFO: [HLS 200-111] Finished Binding: CPU user time: 1 seconds. CPU system time: 0 seconds. Elapsed time: 0.257 seconds; current allocated memory: 232.684 MB.
INFO: [HLS 200-10] ----------------------------------------------------------------
INFO: [HLS 200-10] -- Generating RTL for module 'core_top' 
INFO: [HLS 200-10] ----------------------------------------------------------------
INFO: [RTGEN 206-500] Setting interface mode on port 'core_top/imem' to 'ap_memory'.
INFO: [RTGEN 206-500] Setting interface mode on port 'core_top/dmem0' to 'ap_memory'.
INFO: [RTGEN 206-500] Setting interface mode on port 'core_top/dmem1' to 'ap_memory'.
INFO: [RTGEN 206-500] Setting interface mode on port 'core_top/dmem2' to 'ap_memory'.
INFO: [RTGEN 206-500] Setting interface mode on port 'core_top/dmem3' to 'ap_memory'.
INFO: [RTGEN 206-500] Setting interface mode on port 'core_top/max_cycles' to 'ap_none'.
INFO: [RTGEN 206-500] Setting interface mode on port 'core_top/cycles' to 'ap_vld'.
INFO: [RTGEN 206-500] Setting interface mode on port 'core_top/instret' to 'ap_vld'.
INFO: [RTGEN 206-500] Setting interface mode on port 'core_top/halted' to 'ap_vld'.
INFO: [RTGEN 206-500] Setting interface mode on function 'core_top' to 'ap_ctrl_hs'.
INFO: [HLS 200-1030] Apply Unified Pipeline Control on module 'core_top' pipeline 'VITIS_LOOP_99_2' pipeline type 'loop pipeline'
INFO: [RTGEN 206-100] Generating core module 'sparsemux_13_5_32_1_1': 1 instance(s).
INFO: [RTGEN 206-100] Generating core module 'sparsemux_65_5_32_1_1': 2 instance(s).
INFO: [RTGEN 206-100] Generating core module 'sparsemux_7_2_32_1_1': 1 instance(s).
INFO: [RTGEN 206-100] Generating core module 'sparsemux_7_2_4_1_1': 1 instance(s).
INFO: [RTGEN 206-100] Finished creating RTL model for 'core_top'.
INFO: [HLS 200-111] Finished Creating RTL model: CPU user time: 0 seconds. CPU system time: 0 seconds. Elapsed time: 1.364 seconds; current allocated memory: 235.629 MB.
INFO: [HLS 200-111] Finished Generating all RTL models: CPU user time: 0 seconds. CPU system time: 0 seconds. Elapsed time: 0.379 seconds; current allocated memory: 250.078 MB.
INFO: [HLS 200-2225] Wrote inferred directives to file Z:/Code/Dev/Ouroboros/build/pipeline/kv260_som/calibration-rv32i/work/hls/syn/inferred_directives.ini
INFO: [HLS 200-111] Finished Updating report files: CPU user time: 0 seconds. CPU system time: 0 seconds. Elapsed time: 0.524 seconds; current allocated memory: 253.941 MB.
INFO: [VHDL 208-304] Generating VHDL RTL for core_top.
INFO: [VLOG 209-307] Generating Verilog RTL for core_top.
INFO: [HLS 200-790] **** Loop Constraint Status: All loop constraints were satisfied.
INFO: [HLS 200-789] **** Estimated Fmax: 151.90 MHz
INFO: [IMPL 213-8] Exporting RTL as a Vivado IP.
INFO: [Common 17-3922] A valid Vivado Design Suite BASIC license has been detected. Your current license is active and will expire on 30-sep-2027.



****** Vivado v2026.1 (64-bit)

  **** SW Build 6511674 on Tue Jun 16 11:02:23 MDT 2026

  **** IP Build 6504888 on Tue Jun 09 09:05:25 MDT 2026

  **** SharedData Build 6501428 on Mon Jun 08 17:34:18 MDT 2026

  **** Start of session at: Thu Oct  1 17:22:59 2026

    ** Copyright 1986-2022 Xilinx, Inc. All Rights Reserved.

    ** Copyright 2022-2026 Advanced Micro Devices, Inc. All Rights Reserved.



source run_ippack.tcl -notrace

INFO: calling package_hls_ip ip_types=vitis sysgen json_file=Z:/Code/Dev/Ouroboros/build/pipeline/kv260_som/calibration-rv32i/work/hls/hls_data.json outdir=Z:/Code/Dev/Ouroboros/build/pipeline/kv260_som/calibration-rv32i/work/hls/impl/ip srcdir=Z:/Code/Dev/Ouroboros/build/pipeline/kv260_som/calibration-rv32i/work/hls ippack_options_dict= ippack_options_dict=

INFO: Copied 1 ipmisc file(s) to Z:/Code/Dev/Ouroboros/build/pipeline/kv260_som/calibration-rv32i/work/hls/impl/ip/misc

INFO: Copied 6 verilog file(s) to Z:/Code/Dev/Ouroboros/build/pipeline/kv260_som/calibration-rv32i/work/hls/impl/ip/hdl/verilog

INFO: Copied 6 vhdl file(s) to Z:/Code/Dev/Ouroboros/build/pipeline/kv260_som/calibration-rv32i/work/hls/impl/ip/hdl/vhdl

INFO: Import ports from HDL: Z:/Code/Dev/Ouroboros/build/pipeline/kv260_som/calibration-rv32i/work/hls/impl/ip/hdl/vhdl/core_top.vhd (core_top)

INFO: Add clock interface ap_clk

INFO: Add reset interface ap_rst

INFO: Add ap_ctrl interface ap_ctrl

INFO: Add data interface imem_address0

INFO: [IP_Flow 19-234] Refreshing IP repositories

INFO: [IP_Flow 19-1704] No user IP repositories specified

INFO: [IP_Flow 19-2313] Loaded Vivado IP repository 'Z:/FPGA/2026.1/Vivado/data/ip'.

INFO: Add data interface imem_q0

INFO: Add data interface dmem0_address0

INFO: Add data interface dmem0_d0

INFO: Add data interface dmem0_address1

INFO: Add data interface dmem0_q1

INFO: Add data interface dmem1_address0

INFO: Add data interface dmem1_d0

INFO: Add data interface dmem1_address1

INFO: Add data interface dmem1_q1

INFO: Add data interface dmem2_address0

INFO: Add data interface dmem2_d0

INFO: Add data interface dmem2_address1

INFO: Add data interface dmem2_q1

INFO: Add data interface dmem3_address0

INFO: Add data interface dmem3_d0

INFO: Add data interface dmem3_address1

INFO: Add data interface dmem3_q1

INFO: Add data interface max_cycles

INFO: Add data interface cycles

INFO: Add data interface instret

INFO: Add data interface halted

INFO: Calling post_process_vitis to specialize IP

INFO: Calling post_process_sysgen to specialize IP

Generating sysgen info xml from json file

INFO: Created IP Z:/Code/Dev/Ouroboros/build/pipeline/kv260_som/calibration-rv32i/work/hls/impl/ip/component.xml

INFO: Created IP archive Z:/Code/Dev/Ouroboros/build/pipeline/kv260_som/calibration-rv32i/work/hls/impl/ip/xilinx_com_hls_core_top_1_0.zip

INFO: [Common 17-206] Exiting Vivado at Thu Oct  1 17:23:05 2026...

INFO: [HLS 200-802] Generated output file work/core_top.zip
INFO: [HLS 200-112] Total CPU user time: 2 seconds. Total CPU system time: 1 seconds. Total elapsed time: 26.458 seconds; peak allocated memory: 258.102 MB.
INFO: [v++ 60-791] Total elapsed time: 0h 0m 29s
