$ cmd /c Z:\FPGA\2026.1\Vitis\bin\vitis-run.bat --mode hls --csim --config Z:\Code\Dev\Ouroboros\build\pipeline\kv260_som\calibration-rv32i\hls_config.cfg --work_dir Z:\Code\Dev\Ouroboros\build\pipeline\kv260_som\calibration-rv32i\work

****** vitis-run v2026.1 (64-bit)
  **** SW Build 6511674 on 2026-06-16-13:14:00
  **** Start of session at: Thu Oct  1 17:22:12 2026
    ** Copyright 1986-2022 Xilinx, Inc. All Rights Reserved.
    ** Copyright 2022-2026 Advanced Micro Devices, Inc. All Rights Reserved.

  **** HLS Build v2026.1 6493734

INFO: [HLS 200-2005] Using work_dir Z:/Code/Dev/Ouroboros/build/pipeline/kv260_som/calibration-rv32i/work 

INFO: [HLS 200-2176] Writing Vitis IDE component file Z:/Code/Dev/Ouroboros/build/pipeline/kv260_som/calibration-rv32i/work/vitis-comp.json

INFO: [HLS 200-10] Creating and opening component 'Z:/Code/Dev/Ouroboros/build/pipeline/kv260_som/calibration-rv32i/work'.

INFO: [HLS 200-2174] Applying component config ini file hls_config.cfg

INFO: [HLS 200-1465] Applying config ini 'syn.file=Z:\Code\Dev\Ouroboros\Tools\Verification\calibration\rv32i\core.cpp' from hls_config.cfg(8)

INFO: [HLS 200-10] Adding design file 'Z:/Code/Dev/Ouroboros/Tools/Verification/calibration/rv32i/core.cpp' to the project

INFO: [HLS 200-1465] Applying config ini 'tb.file=Z:\Code\Dev\Ouroboros\Tools\Verification\calibration\rv32i\core_tb.cpp' from hls_config.cfg(10)

INFO: [HLS 200-10] Adding test bench file 'Z:/Code/Dev/Ouroboros/Tools/Verification/calibration/rv32i/core_tb.cpp' to the project

INFO: [HLS 200-1465] Applying config ini 'syn.top=core_top' from hls_config.cfg(9)

INFO: [HLS 200-1465] Applying config ini 'part=xck26-sfvc784-2LV-c' from hls_config.cfg(1)

INFO: [HLS 200-1611] Setting target device to 'xck26-sfvc784-2LV-c'

INFO: [HLS 200-1465] Applying config ini 'clock=10.000ns' from hls_config.cfg(11)

INFO: [SYN 201-201] Setting up clock 'default' with a period of 10ns.

INFO: [HLS 200-1465] Applying config ini 'package.output.format=ip_catalog' from hls_config.cfg(7)

INFO: [HLS 200-2176] Writing Vitis IDE component file Z:/Code/Dev/Ouroboros/build/pipeline/kv260_som/calibration-rv32i/work/vitis-comp.json

INFO: [SIM 211-2] *************** CSIM start ***************

INFO: [HLS 200-2191] C-Simulation will use clang-16 as the compiler

INFO: [HLS 200-2036] Building debug C Simulation binaries

   Compiling ../../../../../../../../Tools/Verification/calibration/rv32i/core_tb.cpp in debug mode
   Compiling ../../../../../../../../Tools/Verification/calibration/rv32i/core.cpp in debug mode
   Generating csim.exe
In file included from ../../../../../../../../Tools/Verification/calibration/rv32i/core_tb.cpp:8:
In file included from ../../../../../../../../Tools/Verification/calibration/rv32i/core.hpp:3:
In file included from Z:/FPGA/2026.1/Vitis/include\ap_int.h:10:
In file included from Z:/FPGA/2026.1/Vitis/include\etc/ap_common.h:668:
In file included from Z:/FPGA/2026.1/Vitis/include\etc/ap_private.h:68:
In file included from Z:/FPGA/2026.1/Vitis/include\hls_half.h:26:
In file included from Z:/FPGA/2026.1/Vitis/include/etc/hls_half_fpo.h:19:
In file included from Z:/FPGA/2026.1/Vitis/include\hls_fpo.h:140:
In file included from Z:/FPGA/2026.1/Vitis/include/floating_point_v7_1_bitacc_cmodel.h:150:
Z:/FPGA/2026.1/Vitis/include\gmp.h:58:9: warning: '__GMP_LIBGMP_DLL' macro redefined [-Wmacro-redefined]
#define __GMP_LIBGMP_DLL  0
        ^
Z:/FPGA/2026.1/Vitis/include/floating_point_v7_1_bitacc_cmodel.h:142:9: note: previous definition is here
#define __GMP_LIBGMP_DLL 1
        ^
1 warning generated.
In file included from ../../../../../../../../Tools/Verification/calibration/rv32i/core.cpp:9:
In file included from ../../../../../../../../Tools/Verification/calibration/rv32i/core.hpp:3:
In file included from Z:/FPGA/2026.1/Vitis/include\ap_int.h:10:
In file included from Z:/FPGA/2026.1/Vitis/include\etc/ap_common.h:668:
In file included from Z:/FPGA/2026.1/Vitis/include\etc/ap_private.h:68:
In file included from Z:/FPGA/2026.1/Vitis/include\hls_half.h:26:
In file included from Z:/FPGA/2026.1/Vitis/include/etc/hls_half_fpo.h:19:
In file included from Z:/FPGA/2026.1/Vitis/include\hls_fpo.h:140:
In file included from Z:/FPGA/2026.1/Vitis/include/floating_point_v7_1_bitacc_cmodel.h:150:
Z:/FPGA/2026.1/Vitis/include\gmp.h:58:9: warning: '__GMP_LIBGMP_DLL' macro redefined [-Wmacro-redefined]
#define __GMP_LIBGMP_DLL  0
        ^
Z:/FPGA/2026.1/Vitis/include/floating_point_v7_1_bitacc_cmodel.h:142:9: note: previous definition is here
#define __GMP_LIBGMP_DLL 1
        ^
1 warning generated.
calibration rv32i: PASS -- 466 cycles, 339 instructions, CPI 1.375

INFO: [SIM 211-1] CSim done with 0 errors.

INFO: [SIM 211-3] *************** CSIM finish ***************

INFO: [HLS 200-112] Total CPU user time: 1 seconds. Total CPU system time: 1 seconds. Total elapsed time: 5.298 seconds; peak allocated memory: 187.512 MB.

INFO: [vitis-run 60-791] Total elapsed time: 0h 0m 8s
