$ cmd /c Z:\FPGA\2026.1\Vitis\bin\vitis-run.bat --mode hls --cosim --config Z:\Code\Dev\Ouroboros\build\pipeline\kv260_som\smoke\hls_config.cfg --work_dir Z:\Code\Dev\Ouroboros\build\pipeline\kv260_som\smoke\work

****** vitis-run v2026.1 (64-bit)
  **** SW Build 6511674 on 2026-06-16-13:14:00
  **** Start of session at: Thu Oct  1 13:40:36 2026
    ** Copyright 1986-2022 Xilinx, Inc. All Rights Reserved.
    ** Copyright 2022-2026 Advanced Micro Devices, Inc. All Rights Reserved.

  **** HLS Build v2026.1 6493734

INFO: [HLS 200-2005] Using work_dir Z:/Code/Dev/Ouroboros/build/pipeline/kv260_som/smoke/work 

INFO: [HLS 200-2176] Writing Vitis IDE component file Z:/Code/Dev/Ouroboros/build/pipeline/kv260_som/smoke/work/vitis-comp.json

INFO: [HLS 200-10] Creating and opening component 'Z:/Code/Dev/Ouroboros/build/pipeline/kv260_som/smoke/work'.

INFO: [HLS 200-1611] Setting target device to 'xck26-sfvc784-2LV-c'

INFO: [HLS 200-2174] Applying component config ini file hls_config.cfg

INFO: [HLS 200-1465] Applying config ini 'syn.file=Z:\Code\Dev\Ouroboros\Tools\Verification\smoke\smoke.cpp' from hls_config.cfg(9)

INFO: [HLS 200-10] Adding design file 'Z:/Code/Dev/Ouroboros/Tools/Verification/smoke/smoke.cpp' to the project

INFO: [HLS 200-1465] Applying config ini 'tb.file=Z:\Code\Dev\Ouroboros\Tools\Verification\smoke\smoke_tb.cpp' from hls_config.cfg(11)

INFO: [HLS 200-10] Adding test bench file 'Z:/Code/Dev/Ouroboros/Tools/Verification/smoke/smoke_tb.cpp' to the project

INFO: [HLS 200-1465] Applying config ini 'syn.top=smoke_top' from hls_config.cfg(10)

INFO: [HLS 200-1465] Applying config ini 'part=xck26-sfvc784-2LV-c' from hls_config.cfg(1)

INFO: [HLS 200-1465] Applying config ini 'clock=10.000ns' from hls_config.cfg(12)

INFO: [SYN 201-201] Setting up clock 'default' with a period of 10ns.

INFO: [HLS 200-1465] Applying config ini 'package.output.format=ip_catalog' from hls_config.cfg(8)

INFO: [HLS 200-2176] Writing Vitis IDE component file Z:/Code/Dev/Ouroboros/build/pipeline/kv260_som/smoke/work/vitis-comp.json

WARNING: [HLS 200-626] This design is unable to schedule all read ports in the first II cycle. The RTL testbench may treat the design as non-pipelined

INFO: [COSIM 212-47] Using XSIM for RTL simulation.

INFO: [COSIM 212-14] Instrumenting C test bench ...

   Build using "Z:/FPGA/2026.1/Vitis/win64/tools/clang-16/bin/clang++"
   Compiling apatb_smoke_top.cpp
   Compiling apatb_smoke_top_util.cpp
   Compiling smoke.cpp_pre.cpp
   Compiling smoke_tb.cpp_pre.cpp
   Compiling apatb_smoke_top_ir.ll
   Generating cosim.tv.exe
INFO: [COSIM 212-302] Starting C TB testing ... 

smoke: PASS (0 mismatches of 256)

INFO [HLS SIM]: The maximum depth reached by any hls::stream() instance in the design is 256

INFO: [COSIM 212-333] Generating C post check test bench ...

INFO: [COSIM 212-12] Generating RTL test bench ...

INFO: [COSIM 212-1] *** C/RTL co-simulation file generation completed. ***

INFO: [COSIM 212-323] Starting verilog simulation. 

INFO: [COSIM 212-15] Starting XSIM ...



Z:\Code\Dev\Ouroboros\build\pipeline\kv260_som\smoke\work\hls\sim\verilog>set PATH= 



Z:\Code\Dev\Ouroboros\build\pipeline\kv260_som\smoke\work\hls\sim\verilog>call Z:/FPGA/2026.1/Vivado/bin/xelab xil_defaultlib.apatb_smoke_top_top xil_defaultlib.glbl -Oenable_linking_all_libraries -prj smoke_top.prj -L smartconnect_v1_0 -L axi_protocol_checker_v1_1_12 -L axi_protocol_checker_v1_1_13 -L axis_protocol_checker_v1_1_11 -L axis_protocol_checker_v1_1_12 -L xil_defaultlib -L unisims_ver -L xpm  -L floating_point_v7_1_22 -L floating_point_v7_0_27 --lib "ieee_proposed=./ieee_proposed" -L uvm -relax -i ./svr -i ./axivip -i ./svtb -i ./file_agent -i ./smoke_top_subsystem  -s smoke_top  

Vivado Simulator v2026.1

Copyright 1986-2022 Xilinx, Inc. All Rights Reserved.

Copyright 2022-2026 Advanced Micro Devices, Inc. All Rights Reserved.

Running: Z:/FPGA/2026.1/Vivado/bin/unwrapped/win64.o/xelab.exe xil_defaultlib.apatb_smoke_top_top xil_defaultlib.glbl -Oenable_linking_all_libraries -prj smoke_top.prj -L smartconnect_v1_0 -L axi_protocol_checker_v1_1_12 -L axi_protocol_checker_v1_1_13 -L axis_protocol_checker_v1_1_11 -L axis_protocol_checker_v1_1_12 -L xil_defaultlib -L unisims_ver -L xpm -L floating_point_v7_1_22 -L floating_point_v7_0_27 --lib ieee_proposed=./ieee_proposed -L uvm -relax -i ./svr -i ./axivip -i ./svtb -i ./file_agent -i ./smoke_top_subsystem -s smoke_top 

Multi-threading is on. Using 14 slave threads.

INFO: [VRFC 10-2263] Analyzing SystemVerilog file "Z:/Code/Dev/Ouroboros/build/pipeline/kv260_som/smoke/work/hls/sim/verilog/glbl.v" into library xil_defaultlib

INFO: [VRFC 10-311] analyzing module glbl

INFO: [VRFC 10-2263] Analyzing SystemVerilog file "Z:/Code/Dev/Ouroboros/build/pipeline/kv260_som/smoke/work/hls/sim/verilog/AESL_deadlock_idx0_monitor.v" into library xil_defaultlib

INFO: [VRFC 10-311] analyzing module AESL_deadlock_idx0_monitor

INFO: [VRFC 10-2263] Analyzing SystemVerilog file "Z:/Code/Dev/Ouroboros/build/pipeline/kv260_som/smoke/work/hls/sim/verilog/AESL_deadlock_kernel_monitor_top.v" into library xil_defaultlib

INFO: [VRFC 10-311] analyzing module AESL_deadlock_kernel_monitor_top

INFO: [VRFC 10-2263] Analyzing SystemVerilog file "Z:/Code/Dev/Ouroboros/build/pipeline/kv260_som/smoke/work/hls/sim/verilog/smoke_top.autotb.v" into library xil_defaultlib

INFO: [VRFC 10-311] analyzing module apatb_smoke_top_top

INFO: [VRFC 10-2263] Analyzing SystemVerilog file "Z:/Code/Dev/Ouroboros/build/pipeline/kv260_som/smoke/work/hls/sim/verilog/smoke_top.v" into library xil_defaultlib

INFO: [VRFC 10-311] analyzing module smoke_top

INFO: [VRFC 10-2263] Analyzing SystemVerilog file "Z:/Code/Dev/Ouroboros/build/pipeline/kv260_som/smoke/work/hls/sim/verilog/smoke_top_control_s_axi.v" into library xil_defaultlib

INFO: [VRFC 10-311] analyzing module smoke_top_control_s_axi

INFO: [VRFC 10-2263] Analyzing SystemVerilog file "Z:/Code/Dev/Ouroboros/build/pipeline/kv260_som/smoke/work/hls/sim/verilog/smoke_top_flow_control_loop_delay_pipe.v" into library xil_defaultlib

INFO: [VRFC 10-311] analyzing module smoke_top_flow_control_loop_delay_pipe

INFO: [VRFC 10-2263] Analyzing SystemVerilog file "Z:/Code/Dev/Ouroboros/build/pipeline/kv260_som/smoke/work/hls/sim/verilog/smoke_top_mac_muladd_16s_16s_48s_48_4_1.v" into library xil_defaultlib

INFO: [VRFC 10-311] analyzing module smoke_top_mac_muladd_16s_16s_48s_48_4_1_DSP48_0

INFO: [VRFC 10-311] analyzing module smoke_top_mac_muladd_16s_16s_48s_48_4_1

INFO: [VRFC 10-2263] Analyzing SystemVerilog file "Z:/Code/Dev/Ouroboros/build/pipeline/kv260_som/smoke/work/hls/sim/verilog/smoke_top_regslice_both.v" into library xil_defaultlib

INFO: [VRFC 10-311] analyzing module smoke_top_regslice_both

INFO: [VRFC 10-2263] Analyzing SystemVerilog file "Z:/Code/Dev/Ouroboros/build/pipeline/kv260_som/smoke/work/hls/sim/verilog/dataflow_monitor.sv" into library xil_defaultlib

INFO: [VRFC 10-311] analyzing module dataflow_monitor

INFO: [VRFC 10-2263] Analyzing SystemVerilog file "Z:/Code/Dev/Ouroboros/build/pipeline/kv260_som/smoke/work/hls/sim/verilog/file_agent/file_agent_pkg.sv" into library xil_defaultlib

INFO: [VRFC 10-2263] Analyzing SystemVerilog file "Z:/Code/Dev/Ouroboros/build/pipeline/kv260_som/smoke/work/hls/sim/verilog/svr/svr_pkg.sv" into library xil_defaultlib

INFO: [VRFC 10-2263] Analyzing SystemVerilog file "Z:/Code/Dev/Ouroboros/build/pipeline/kv260_som/smoke/work/hls/sim/verilog/svr/svr_if.sv" into library xil_defaultlib

INFO: [VRFC 10-2263] Analyzing SystemVerilog file "Z:/Code/Dev/Ouroboros/build/pipeline/kv260_som/smoke/work/hls/sim/verilog/axivip/axi_pkg.sv" into library xil_defaultlib

INFO: [VRFC 10-2263] Analyzing SystemVerilog file "Z:/Code/Dev/Ouroboros/build/pipeline/kv260_som/smoke/work/hls/sim/verilog/axivip/axi_if.sv" into library xil_defaultlib

INFO: [VRFC 10-2263] Analyzing SystemVerilog file "Z:/Code/Dev/Ouroboros/build/pipeline/kv260_som/smoke/work/hls/sim/verilog/smoke_top_subsystem/smoke_top_subsystem_pkg.sv" into library xil_defaultlib

INFO: [VRFC 10-2263] Analyzing SystemVerilog file "Z:/Code/Dev/Ouroboros/build/pipeline/kv260_som/smoke/work/hls/sim/verilog/svtb/misc_interface.sv" into library xil_defaultlib

INFO: [VRFC 10-2263] Analyzing SystemVerilog file "Z:/Code/Dev/Ouroboros/build/pipeline/kv260_som/smoke/work/hls/sim/verilog/svtb/sv_module_top.sv" into library xil_defaultlib

INFO: [VRFC 10-311] analyzing module sv_module_top

Starting static elaboration

Pass Through NonSizing Optimizer

Completed static elaboration

Starting simulation data flow analysis

Completed simulation data flow analysis

Time Resolution for simulation is 1ps

Compiling package xil_defaultlib.$unit_sv_module_top_sv

Compiling package uvm.uvm_pkg

Compiling package std.std

Compiling package xil_defaultlib.svr_pkg

Compiling package xil_defaultlib.file_agent_pkg

Compiling package xil_defaultlib.axi_pkg

Compiling package xil_defaultlib.smoke_top_subsystem_pkg

Compiling package xil_defaultlib.$unit_dataflow_monitor_sv

Compiling module xil_defaultlib.smoke_top_control_s_axi

Compiling module xil_defaultlib.smoke_top_mac_muladd_16s_16s_48s...

Compiling module xil_defaultlib.smoke_top_mac_muladd_16s_16s_48s...

Compiling module xil_defaultlib.smoke_top_flow_control_loop_dela...

Compiling module xil_defaultlib.smoke_top_regslice_both(DataWidt...

Compiling module xil_defaultlib.smoke_top_regslice_both(DataWidt...

Compiling module xil_defaultlib.smoke_top

Compiling module xil_defaultlib.misc_interface_default

Compiling module xil_defaultlib.svr_if_default

Compiling module xil_defaultlib.svr_if(DATA_WIDTH=48)

Compiling module xil_defaultlib.axi_if(ADDR_WIDTH=5,STRB_WIDTH=4...

Compiling module xil_defaultlib.sv_module_top

Compiling module xil_defaultlib.AESL_deadlock_idx0_monitor

Compiling module xil_defaultlib.AESL_deadlock_kernel_monitor_top...

Compiling module xil_defaultlib.nodf_module_intf_default

Compiling module xil_defaultlib.upc_loop_intf(FSM_WIDTH=1)

Compiling module xil_defaultlib.dataflow_monitor_1

Compiling module xil_defaultlib.apatb_smoke_top_top

Compiling module xil_defaultlib.glbl

Built simulation snapshot smoke_top



****** xsim v2026.1 (64-bit)

  **** SW Build 6511674 on Tue Jun 16 11:02:23 MDT 2026

  **** IP Build 6504888 on Tue Jun 09 09:05:25 MDT 2026

  **** SharedData Build 6501428 on Mon Jun 08 17:34:18 MDT 2026

  **** Start of session at: Thu Oct  1 13:41:11 2026

    ** Copyright 1986-2022 Xilinx, Inc. All Rights Reserved.

    ** Copyright 2022-2026 Advanced Micro Devices, Inc. All Rights Reserved.



source xsim.dir/smoke_top/xsim_script.tcl

# xsim {smoke_top} -testplusarg UVM_VERBOSITY=UVM_NONE -testplusarg UVM_TESTNAME=smoke_top_test_lib -testplusarg UVM_TIMEOUT=20000000000000 -autoloadwcfg -tclbatch {smoke_top.tcl}

Time resolution is 1 ps

source smoke_top.tcl

## run all

UVM_INFO Z:/FPGA/2026.1/Vivado/data/system_verilog/uvm_1.2/xlnx_uvm_package.sv(18601) @ 0: reporter [UVM/RELNOTES] 

----------------------------------------------------------------

UVM-1.2

(C) 2007-2014 Mentor Graphics Corporation

(C) 2007-2014 Cadence Design Systems, Inc.

(C) 2006-2014 Synopsys, Inc.

(C) 2011-2013 Cypress Semiconductor Corp.

(C) 2013-2014 NVIDIA Corporation

----------------------------------------------------------------



  ***********       IMPORTANT RELEASE NOTES         ************



  You are using a version of the UVM library that has been compiled

  with `UVM_NO_DEPRECATED undefined.



  You are using a version of the UVM library that has been compiled

  with `UVM_OBJECT_DO_NOT_NEED_CONSTRUCTOR undefined.



      (Specify +UVM_NO_RELNOTES to turn off this notice)



UVM_INFO Z:/FPGA/2026.1/Vivado/data/system_verilog/uvm_1.2/xlnx_uvm_package.sv(18648) @ 0: reporter [NO_DPI_TSTNAME] UVM_NO_DPI defined--getting UVM_TESTNAME directly, without DPI

UVM_INFO Z:/FPGA/2026.1/Vivado/data/system_verilog/uvm_1.2/xlnx_uvm_package.sv(18752) @ 0: reporter [UVMTOP] UVM testbench topology:

----------------------------------------------------------------------------------------------------------

Name                                               Type                              Size  Value          

----------------------------------------------------------------------------------------------------------

uvm_test_top                                       smoke_top_test_lib                -     @373           

  top_env                                          smoke_top_env                     -     @384           

    axi_lite_control                               uvm_env                           -     @431           

      item_rtr_port                                uvm_analysis_port                 -     @450           

      item_wtr_port                                uvm_analysis_port                 -     @440           

      master                                       uvm_agent                         -     @843           

        ardrv                                      uvm_driver #(REQ,RSP)             -     @1518          

          item_read_imp                            uvm_analysis_port                 -     @1547          

          rsp_port                                 uvm_analysis_port                 -     @1537          

          seq_item_port                            uvm_seq_item_pull_port            -     @1527          

          m_num_sent                               integral                          32    'h0            

        arsqr                                      axi_sequencer                     -     @1557          

          rsp_export                               uvm_analysis_export               -     @1566          

          seq_item_export                          uvm_seq_item_pull_imp             -     @1684          

          arbitration_queue                        array                             0     -              

          lock_queue                               array                             0     -              

          num_last_reqs                            integral                          32    'd1            

          num_last_rsps                            integral                          32    'd1            

        awdrv                                      uvm_driver #(REQ,RSP)             -     @990           

          item_read_imp                            uvm_analysis_port                 -     @1019          

          rsp_port                                 uvm_analysis_port                 -     @1009          

          seq_item_port                            uvm_seq_item_pull_port            -     @999           

          m_num_sent                               integral                          32    'h0            

        awsqr                                      axi_sequencer                     -     @1029          

          rsp_export                               uvm_analysis_export               -     @1038          

          seq_item_export                          uvm_seq_item_pull_imp             -     @1156          

          arbitration_queue                        array                             0     -              

          lock_queue                               array                             0     -              

          num_last_reqs                            integral                          32    'd1            

          num_last_rsps                            integral                          32    'd1            

        bdrv                                       uvm_driver #(REQ,RSP)             -     @1342          

          item_read_imp                            uvm_analysis_port                 -     @1371          

          rsp_port                                 uvm_analysis_port                 -     @1361          

          seq_item_port                            uvm_seq_item_pull_port            -     @1351          

          m_num_sent                               integral                          32    'h0            

        bsqr                                       axi_sequencer                     -     @1381          

          rsp_export                               uvm_analysis_export               -     @1390          

          seq_item_export                          uvm_seq_item_pull_imp             -     @1508          

          arbitration_queue                        array                             0     -              

          lock_queue                               array                             0     -              

          num_last_reqs                            integral                          32    'd1            

          num_last_rsps                            integral                          32    'd1            

        rdrv                                       uvm_driver #(REQ,RSP)             -     @1694          

          item_read_imp                            uvm_analysis_port                 -     @1723          

          rsp_port                                 uvm_analysis_port                 -     @1713          

          seq_item_port                            uvm_seq_item_pull_port            -     @1703          

          m_num_sent                               integral                          32    'h0            

        rsqr                                       axi_sequencer                     -     @1733          

          rsp_export                               uvm_analysis_export               -     @1742          

          seq_item_export                          uvm_seq_item_pull_imp             -     @1860          

          arbitration_queue                        array                             0     -              

          lock_queue                               array                             0     -              

          num_last_reqs                            integral                          32    'd1            

          num_last_rsps                            integral                          32    'd1            

        wdrv                                       uvm_driver #(REQ,RSP)             -     @1166          

          item_read_imp                            uvm_analysis_port                 -     @1195          

          rsp_port                                 uvm_analysis_port                 -     @1185          

          seq_item_port                            uvm_seq_item_pull_port            -     @1175          

          m_num_sent                               integral                          32    'h0            

        wsqr                                       axi_sequencer                     -     @1205          

          rsp_export                               uvm_analysis_export               -     @1214          

          seq_item_export                          uvm_seq_item_pull_imp             -     @1332          

          arbitration_queue                        array                             0     -              

          lock_queue                               array                             0     -              

          num_last_reqs                            integral                          32    'd1            

          num_last_rsps                            integral                          32    'd1            

      monitor                                      uvm_monitor                       -     @665           

        item_ar2r_port                             uvm_analysis_port                 -     @734           

        item_ar_port                               uvm_analysis_port                 -     @704           

        item_aw2b_port                             uvm_analysis_port                 -     @724           

        item_aw_port                               uvm_analysis_port                 -     @674           

        item_b_port                                uvm_analysis_port                 -     @694           

        item_r_port                                uvm_analysis_port                 -     @714           

        item_w_port                                uvm_analysis_port                 -     @684           

        checks_enable                              integral                          1     'h1            

        coverage_enable                            integral                          1     'h1            

      state                                        axi_state                         -     @744           

        ar2r_imp                                   uvm_analysis_imp_ar2r             -     @813           

        ar_imp                                     uvm_analysis_imp_ar               -     @783           

        aw2b_imp                                   uvm_analysis_imp_aw2b             -     @803           

        aw_imp                                     uvm_analysis_imp_aw               -     @753           

        b_imp                                      uvm_analysis_imp_b                -     @773           

        item_rtr_port                              uvm_analysis_port                 -     @833           

        item_wtr_port                              uvm_analysis_port                 -     @823           

        r_imp                                      uvm_analysis_imp_r                -     @793           

        w_imp                                      uvm_analysis_imp_w                -     @763           

        avg_rate                                   integral                          32    'h0            

        exp_rate                                   integral                          32    'h0            

        win_size                                   integral                          32    'h0            

        bqnum_for_slaseq                           integral                          32    'h0            

        rq_from_model_num                          integral                          32    'h0            

      vsqr                                         axi_virtual_sequencer             -     @852           

        rsp_export                                 uvm_analysis_export               -     @861           

        seq_item_export                            uvm_seq_item_pull_imp             -     @979           

        arbitration_queue                          array                             0     -              

        lock_queue                                 array                             0     -              

        num_last_reqs                              integral                          32    'd1            

        num_last_rsps                              integral                          32    'd1            

      cfg                                          axi_cfg                           -     @403           

        has_checker                                integral                          1     'h1            

        has_coverage                               integral                          1     'h1            

        id_num                                     integral                          32    'h1            

        reset_level                                reset_level_enum                  32    RESET_LEVEL_LOW

        drv_type                                   drv_type_enum                     32    MASTER         

        write_latency_mode                         latency_mode_enum                 32    CHANNEL_FIRST  

        read_latency_mode                          latency_mode_enum                 32    CHANNEL_FIRST  

        clatency                                   axi_latency                       -     @427           

          wr_latency                               integral                          32    'h0            

          rd_latency                               integral                          32    'h0            

    env_master_svr_in_r                            uvm_env                           -     @404           

      m_agt                                        uvm_agent                         -     @1938          

        drv                                        uvm_driver #(REQ,RSP)             -     @2086          

          rsp_port                                 uvm_analysis_port                 -     @2105          

          seq_item_port                            uvm_seq_item_pull_port            -     @2095          

        mon                                        uvm_monitor                       -     @2115          

          item_collect_port                        uvm_analysis_port                 -     @2126          

        sqr                                        uvm_sequencer                     -     @1949          

          rsp_export                               uvm_analysis_export               -     @1958          

          seq_item_export                          uvm_seq_item_pull_imp             -     @2076          

          arbitration_queue                        array                             0     -              

          lock_queue                               array                             0     -              

          num_last_reqs                            integral                          32    'd1            

          num_last_rsps                            integral                          32    'd1            

    env_slave_svr_out_r                            uvm_env                           -     @417           

      s_agt                                        uvm_agent                         -     @2144          

        drv                                        uvm_driver #(REQ,RSP)             -     @2292          

          rsp_port                                 uvm_analysis_port                 -     @2311          

          seq_item_port                            uvm_seq_item_pull_port            -     @2301          

        mon                                        uvm_monitor                       -     @2321          

          item_collect_port                        uvm_analysis_port                 -     @2332          

        sqr                                        uvm_sequencer                     -     @2155          

          rsp_export                               uvm_analysis_export               -     @2164          

          seq_item_export                          uvm_seq_item_pull_imp             -     @2282          

          arbitration_queue                        array                             0     -              

          lock_queue                               array                             0     -              

          num_last_reqs                            integral                          32    'd1            

          num_last_rsps                            integral                          32    'd1            

    refm                                           smoke_top_reference_model         -     @460           

      trans_num_idx                                integral                          32    'h0            

    smoke_top_virtual_sqr                          smoke_top_virtual_sequencer       -     @522           

      rsp_export                                   uvm_analysis_export               -     @531           

      seq_item_export                              uvm_seq_item_pull_imp             -     @649           

      arbitration_queue                            array                             0     -              

      lock_queue                                   array                             0     -              

      num_last_reqs                                integral                          32    'd1            

      num_last_rsps                                integral                          32    'd1            

    subsys_mon                                     smoke_top_subsystem_monitor       -     @473           

      control_rtr_imp                              uvm_analysis_imp_axi_rtr_control  -     @512           

      control_wtr_imp                              uvm_analysis_imp_axi_wtr_control  -     @502           

      scbd                                         smoke_top_scoreboard              -     @2359          

        refm                                       smoke_top_reference_model         -     @460           

          trans_num_idx                            integral                          32    'h0            

        file_rd_TVOUT_transaction_size             <unknown>                         -     @2369          

          TV_FILE                                  string                            0     ""             

          fp                                       integral                          32    'hxxxxxxxx     

          TV_FILE_num                              integral                          32    'h0            

          HEX_read                                 integral                          32    'h0            

          DEC_read                                 integral                          32    'h0            

          is_binary                                integral                          32    'h0            

          TV_FILE_COMPARE                          string                            0     ""             

          fp_compare                               integral                          32    'hxxxxxxxx     

        TVOUT_transaction_size_queue               da(integral)                      0     -              

        file_wr_port_out_r_out_r_TDATA             <unknown>                         -     @2370          

          TV_FILE                                  string                            0     ""             

          fp                                       integral                          32    'hxxxxxxxx     

          file_open                                integral                          32    'h0            

          write_file_done                          integral                          32    'h0            

          write_section_done                       integral                          32    'h0            

          TRANSACTION_NUM                          integral                          32    'h0            

          transaction_num_idx                      integral                          32    'h0            

          TRANSACTION_DEPTH                        integral                          32    'h0            

          TRANSACTION_DEPTH_queue                  da(integral)                      0     -              

          TRANSACTION_DEPTH_queue_for_depth_check  da(integral)                      0     -              

          transaction_depth_idx                    integral                          32    'h0            

          ap_done_num_idx                          integral                          32    'h0            

          is_binary                                integral                          32    'h0            

        write_file_done_out_r_out_r_TDATA          integral                          32    'h0            

        write_section_done_out_r_out_r_TDATA       integral                          32    'h0            

      svr_master_in_r_imp                          uvm_analysis_imp_svr_master_in_r  -     @482           

      svr_slave_out_r_imp                          uvm_analysis_imp_svr_slave_out_r  -     @492           

    env_master_svr_in_r                            uvm_env                           -     @404           

    env_slave_svr_out_r                            uvm_env                           -     @417           

    refm                                           smoke_top_reference_model         -     @460           

    smoke_top_virtual_sqr                          smoke_top_virtual_sequencer       -     @522           

    smoke_top_cfg                                  smoke_top_config                  -     @398           

      port_in_r_cfg                                svr_config                        -     @399           

        svr_type                                   svr_inst_type                     32    SVR_MASTER     

        prt_type                                   svr_protocol_type                 32    AXIS           

        is_active                                  svr_active_passive_enum           1     SVR_ACTIVE     

        reset_level                                svr_reset_level_enum              1     RESET_LEVEL_LOW

        spec_cfg                                   svr_spec_cfg_enum                 32    NORMAL         

        clatency                                   svr_latency                       -     @400           

          transfer_latency                         integral                          32    'h0            

      port_out_r_cfg                               svr_config                        -     @401           

        svr_type                                   svr_inst_type                     32    SVR_SLAVE      

        prt_type                                   svr_protocol_type                 32    AXIS           

        is_active                                  svr_active_passive_enum           1     SVR_ACTIVE     

        reset_level                                svr_reset_level_enum              1     RESET_LEVEL_LOW

        spec_cfg                                   svr_spec_cfg_enum                 32    NORMAL         

        clatency                                   svr_latency                       -     @402           

          transfer_latency                         integral                          32    'h0            

      control_cfg                                  axi_cfg                           -     @403           

        has_checker                                integral                          1     'h1            

        has_coverage                               integral                          1     'h1            

        id_num                                     integral                          32    'h1            

        reset_level                                reset_level_enum                  32    RESET_LEVEL_LOW

        drv_type                                   drv_type_enum                     32    MASTER         

        write_latency_mode                         latency_mode_enum                 32    CHANNEL_FIRST  

        read_latency_mode                          latency_mode_enum                 32    CHANNEL_FIRST  

        clatency                                   axi_latency                       -     @427           

          wr_latency                               integral                          32    'h0            

          rd_latency                               integral                          32    'h0            

      check_ena                                    integral                          32    'h0            

      cover_ena                                    integral                          32    'h0            

----------------------------------------------------------------------------------------------------------



UVM_INFO Z:/FPGA/2026.1/Vivado/data/system_verilog/uvm_1.2/xlnx_uvm_package.sv(20867) @ 0: reporter [UVM/COMP/NAMECHECK] This implementation of the component name checks requires DPI to be enabled

////////////////////////////////////////////////////////////////////////////////////

// Inter-Transaction Progress: Completed Transaction / Total Transaction

// Intra-Transaction Progress: Measured Latency / Latency Estimation * 100%

//

// RTL Simulation : "Inter-Transaction Progress" ["Intra-Transaction Progress"] @ "Simulation Time"

////////////////////////////////////////////////////////////////////////////////////

// RTL Simulation : 0 / 1 [0.00%] @ "125000"

// RTL Simulation : 1 / 1 [100.00%] @ "2835000"

////////////////////////////////////////////////////////////////////////////////////

$finish called at time : 2905 ns : File "Z:/FPGA/2026.1/Vivado/data/system_verilog/uvm_1.2/xlnx_uvm_package.sv" Line 18699

## quit

INFO: [Common 17-206] Exiting xsim at Thu Oct  1 13:41:14 2026...

INFO: [COSIM 212-316] Starting C post checking ...

smoke: PASS (0 mismatches of 256)

INFO [HLS SIM]: The maximum depth reached by any hls::stream() instance in the design is 256

INFO: [COSIM 212-1000] *** C/RTL co-simulation finished: PASS ***

INFO: [COSIM 212-211] II is measurable only when transaction number is greater than 1 in RTL simulation. Otherwise, they will be marked as all NA. If user wants to calculate them, please make sure there are at least 2 transactions in RTL simulation.

INFO: [HLS 200-112] Total CPU user time: 1 seconds. Total CPU system time: 1 seconds. Total elapsed time: 35.306 seconds; peak allocated memory: 257.914 MB.

INFO: [vitis-run 60-791] Total elapsed time: 0h 0m 38s
